[khaoskampf.com/index.html]
[khaoskampf.com/about-us/index.html]
[khaoskampf.com/contact/index.html]
[khaoskampf.com/resources/index.html]
[khaoskampf.com/services/index.html]
[backblue.gif]
[fade.gif]
[index.html]
[khaoskampf.com/blog/index.html]
[khaoskampf.com/shop/index.html]
[khaoskampf.com/wp-includes/blocks/navigation/style.min9704.css]
[khaoskampf.com/wp-includes/blocks/cover/style.min9704.css]
[khaoskampf.com/feed/index.html]
[khaoskampf.com/wp-includes/blocks/image/style.min9704.css]
[khaoskampf.com/wp-includes/blocks/gallery/style.min9704.css]
[khaoskampf.com/wp-includes/blocks/social-links/style.min9704.css]
[khaoskampf.com/wp-content/plugins/contact-form-7/includes/css/stylesf049.css]
[khaoskampf.com/comments/feed/index.html]
[khaoskampf.com/wp-content/plugins/woocommerce/assets/css/woocommerce-layoutea26.css]
[khaoskampf.com/wp-content/plugins/woocommerce/assets/css/woocommerce-smallscreenea26.css]
[khaoskampf.com/wp-content/plugins/woocommerce/assets/css/woocommerceea26.css]
[khaoskampf.com/wp-content/plugins/woocommerce/assets/css/woocommerce-blockthemeea26.css]
[khaoskampf.com/wp-content/themes/extendable/style488e.css]
[khaoskampf.com/wp-includes/js/jquery/jquery.minf43b.js]
[khaoskampf.com/wp-includes/js/jquery/jquery-migrate.min5589.js]
[khaoskampf.com/wp-content/plugins/woocommerce/assets/js/jquery-blockui/jquery.blockUI.min2574.js]
[khaoskampf.com/wp-content/plugins/woocommerce/assets/js/frontend/add-to-cart.minea26.js]
[khaoskampf.com/wp-content/plugins/woocommerce/assets/js/js-cookie/js.cookie.min3546.js]
[khaoskampf.com/wp-content/plugins/woocommerce/assets/js/frontend/woocommerce.minea26.js]
[khaoskampf.com/wp-json/wp/v2/pages/22.json]
[khaoskampf.com/wp-json/index.html]
[khaoskampf.com/xmlrpc0db0.php]
[khaoskampf.com/wp-json/oembed/1.0/embedc777.json]
[khaoskampf.com/wp-json/oembed/1.0/embed892f]
[khaoskampf.com/wp-includes/js/dist/script-modules/block-library/navigation/view.minf7ab.js]
[khaoskampf.com/wp-includes/js/dist/script-modules/interactivity/index.min563f.js]
[khaoskampf.com/wp-content/themes/extendable/assets/fonts/Arsenal/Arsenal-Regular.woff2]
[khaoskampf.com/wp-content/themes/extendable/assets/fonts/Arsenal/Arsenal-Bold.woff2]
[khaoskampf.com/wp-content/themes/extendable/assets/fonts/baloo-tamma-2/baloo-tamma-2_wght.woff2]
[khaoskampf.com/wp-content/themes/extendable/assets/fonts/Geom/Geom-Variable.woff2]
[khaoskampf.com/wp-content/themes/extendable/assets/fonts/gotu/gotu-regular.woff2]
[khaoskampf.com/wp-content/themes/extendable/assets/fonts/Heebo/Heebo-VariableFont_wght.woff2]
[khaoskampf.com/wp-content/themes/extendable/assets/fonts/Hind/Hind-Variable.woff2]
[khaoskampf.com/wp-content/themes/extendable/assets/fonts/ibm-plex-sans/IBMPlexSans-Thin.woff2]
[khaoskampf.com/wp-content/themes/extendable/assets/fonts/ibm-plex-sans/IBMPlexSans-ExtraLight.woff2]
[khaoskampf.com/wp-content/themes/extendable/assets/fonts/ibm-plex-sans/IBMPlexSans-Light.woff2]
[khaoskampf.com/wp-content/themes/extendable/assets/fonts/ibm-plex-sans/IBMPlexSans-Regular.woff2]
[khaoskampf.com/wp-content/themes/extendable/assets/fonts/ibm-plex-sans/IBMPlexSans-Medium.woff2]
[khaoskampf.com/wp-content/themes/extendable/assets/fonts/ibm-plex-sans/IBMPlexSans-SemiBold.woff2]
[khaoskampf.com/wp-content/themes/extendable/assets/fonts/ibm-plex-sans/IBMPlexSans-Bold.woff2]
[khaoskampf.com/wp-content/themes/extendable/assets/fonts/Inconsolata/Inconsolata-VariableFont_wdth,wght.woff2]
[khaoskampf.com/wp-content/themes/extendable/assets/fonts/inter/InterVariable.woff2]
[khaoskampf.com/wp-content/themes/extendable/assets/fonts/Jost/Jost-VariableFont_wght.woff2]
[khaoskampf.com/wp-content/themes/extendable/assets/fonts/Karla/Karla-VariableFont_wght.woff2]
[khaoskampf.com/wp-content/themes/extendable/assets/fonts/Koulen/Koulen-Regular.woff2]
[khaoskampf.com/wp-content/themes/extendable/assets/fonts/manrope/manrope_wght.woff2]
[khaoskampf.com/wp-content/themes/extendable/assets/fonts/marcellus/marcellus_wght.woff2]
[khaoskampf.com/wp-content/themes/extendable/assets/fonts/Montserrat/Montserrat-VariableFont_wght.woff2]
[khaoskampf.com/wp-content/themes/extendable/assets/fonts/Mulish/Mulish-VariableFont_wght.woff2]
[khaoskampf.com/wp-content/themes/extendable/assets/fonts/NotoSerifDisplay/NotoSerifDisplay-VariableFont_wdth,wght.woff2]
[khaoskampf.com/wp-content/themes/extendable/assets/fonts/Oswald/Oswald-VariableFont_wght.woff2]
[khaoskampf.com/wp-content/themes/extendable/assets/fonts/RadioCanada/RadioCanada-VariableFont_wdth,wght.woff2]
[khaoskampf.com/wp-content/themes/extendable/assets/fonts/RobotoFlex/RobotoFlex-VariableFont_GRAD,XTRA,YOPQ,YTAS,YTDE,YTFI,YTLC,YTUC,opsz,slnt,wdth,wght.woff2]
[khaoskampf.com/wp-content/themes/extendable/assets/fonts/Rubik/Rubik-VariableFont_wght.woff2]
[khaoskampf.com/wp-content/themes/extendable/assets/fonts/SourceSerif4/SourceSerif4-VariableFont_opsz,wght.woff2]
[khaoskampf.com/wp-content/themes/extendable/assets/fonts/SpaceMono/SpaceMono-Regular.woff2]
[khaoskampf.com/wp-content/themes/extendable/assets/fonts/SpaceMono/SpaceMono-Bold.woff2]
[khaoskampf.com/wp-content/plugins/woocommerce/assets/fonts/cardo_normal_400.woff2]
[khaoskampf.com/wp-content/uploads/2024/11/extendify-demo-logo.png]
[khaoskampf.com/wp-content/uploads/2024/11/4f33ad56f9fe364af98293dd95249a59ae3c7936.jpg]
[khaoskampf.com/contact.html]
[khaoskampf.com/wp-content/uploads/2024/11/8a54391c260321e0fe14029ea44f3d73c367c93d.jpg]
[khaoskampf.com/wp-content/uploads/2024/11/2f84770b87151f14a2235af45d51e196097005a1.jpg]
[khaoskampf.com/wp-content/uploads/2024/11/01a8d325b476cd3c482f19bb42be8e8fa467f8a8.jpg]
[khaoskampf.com/portfolio/index.html]
[khaoskampf.com/wp-content/uploads/2024/11/5c1b16a0a3980ec75d3f663d3900f48b54160746.jpg]
[khaoskampf.com/wp-content/uploads/2024/11/c6082cd39382b283a2566c258d0a3195a2713b69.jpg]
[khaoskampf.com/wp-content/uploads/2024/11/bd1a8a8c064a21ab6ccfa13097a4caf2f7e804dd.jpg]
[khaoskampf.com/wp-content/uploads/2024/11/ed59e6ed43b6da1071d4221849e8b38c96c8840b.jpg]
[khaoskampf.com/wp-content/uploads/2024/11/ab6bebe239c8b30c4620b6606861dcb49d2117f0.jpg]
[khaoskampf.com/wp-content/uploads/2024/11/5caa162db935f6b0bbf5ea9a6082085427c54e5c.jpg]
[khaoskampf.com/wp-content/uploads/2024/11/86adc00d7c5b23aa33f0217b7dfc774cfb3a8e76.jpg]
[khaoskampf.com/wp-content/uploads/2024/11/27f76023f6a795081e9c7b8e8506872ffad18dd6.jpg]
[khaoskampf.com/wp-content/plugins/woocommerce/assets/client/blocks/wc-blocksf3a9.css]
[khaoskampf.com/wp-includes/js/dist/hooks.min4fdd.js]
[khaoskampf.com/wp-includes/js/dist/i18n.minc33c.js]
[khaoskampf.com/wp-content/plugins/contact-form-7/includes/swv/js/indexf049.js]
[khaoskampf.com/wp-content/plugins/contact-form-7/includes/js/indexf049.js]
[khaoskampf.com/wp-content/plugins/woocommerce/assets/js/sourcebuster/sourcebuster.minea26.js]
[khaoskampf.com/wp-content/plugins/woocommerce/assets/js/frontend/order-attribution.minea26.js]
[khaoskampf.com/index.html]
[khaoskampf.com/wp-json/wp/v2/pages/17.json]
[khaoskampf.com/wp-json/oembed/1.0/embed21c5.json]
[khaoskampf.com/wp-json/oembed/1.0/embed9a50]
[khaoskampf.com/wp-content/uploads/2024/11/3999d0168a84b3ef4662b02e31ecc11275d4e381.jpg]
[khaoskampf.com/wp-content/uploads/2024/11/bf8f47fdd1a144cf36c2a189fecaccf8cef39f38.jpg]
[khaoskampf.com/wp-content/uploads/2024/11/edbf396425c5d590ee368cd0196468cc59f8ae9c.jpg]
[khaoskampf.com/wp-content/uploads/2024/11/2f2d8668848dd2fa5f2ad447c5126793e7752bf7.jpg]
[khaoskampf.com/wp-content/uploads/2024/11/739ff72ece529fa52765c3c7b0553bcd14351ed9.jpg]
[khaoskampf.com/wp-content/uploads/2024/11/8ae231ac5f85bd1df0bb27443123bef8c456e539.jpg]
[khaoskampf.com/about-us/index.html]
[khaoskampf.com/blog/index.html]
[khaoskampf.com/wp-content/themes/extendable/assets/css/contact-form-78a54.css]
[khaoskampf.com/hello-world/index.html]
[khaoskampf.com/category/uncategorized/index.html]
[khaoskampf.com/wp-json/wp/v2/pages/18.json]
[khaoskampf.com/wp-json/oembed/1.0/embedeebd.json]
[khaoskampf.com/wp-json/oembed/1.0/embede7ea]
[khaoskampf.com/contact/index.html]
[khaoskampf.com/wp-json/wp/v2/pages/20.json]
[khaoskampf.com/wp-json/oembed/1.0/embed3e06.json]
[khaoskampf.com/wp-json/oembed/1.0/embedfd71]
[khaoskampf.com/wp-content/uploads/2024/11/6b8d4297de274060f9725a26a98bc699db2dfad0.jpg]
[khaoskampf.com/resources/index.html]
[khaoskampf.com/services.html]
[khaoskampf.com/wp-json/wp/v2/pages/21.json]
[khaoskampf.com/wp-json/oembed/1.0/embedce7b.json]
[khaoskampf.com/wp-json/oembed/1.0/embedbdcf]
[khaoskampf.com/wp-content/uploads/2024/11/47b587d7a1b0b8932156c7ea80b1cef54c1e1c9d.jpg]
[khaoskampf.com/wp-content/uploads/2024/11/e9a06c53a4efaa1f6350adc97ffa98b6bcf2e711.jpg]
[khaoskampf.com/services/index.html]
[khaoskampf.com/wp-content/plugins/woocommerce/assets/client/blocks/breadcrumbsf3a9.css]
[khaoskampf.com/wp-content/plugins/woocommerce/assets/client/blocks/product-results-countf3a9.css]
[khaoskampf.com/shop/feed/index.html]
[khaoskampf.com/wp-content/plugins/woocommerce/assets/client/blocks/catalog-sortingf3a9.css]
[khaoskampf.com/wp-content/plugins/woocommerce/assets/client/blocks/product-templatef3a9.css]
[khaoskampf.com/wp-content/plugins/woocommerce/assets/client/blocks/product-collectionf3a9.css]
[khaoskampf.com/wp-includes/js/dist/vendor/wp-polyfill.min2c7c.js]
[khaoskampf.com/wp-content/plugins/woocommerce/assets/client/blocks/wc-blocks-frontend-vendors-frontenda522.js]
[khaoskampf.com/wp-content/plugins/woocommerce/assets/client/blocks/wc-interactivityf3a9.js]
[khaoskampf.com/wp-content/plugins/woocommerce/assets/client/blocks/product-collection-frontend3802.js]
[khaoskampf.com/shop/index.html]
[khaoskampf.com/wp-includes/blocks/navigation/style.min9704.css]
[khaoskampf.com/wp-includes/blocks/cover/style.min9704.css]
[khaoskampf.com/wp-includes/blocks/image/style.min9704.css]
[khaoskampf.com/wp-includes/blocks/gallery/style.min9704.css]
[khaoskampf.com/wp-includes/blocks/social-links/style.min9704.css]
[khaoskampf.com/wp-content/plugins/contact-form-7/includes/css/stylesf049.css]
[khaoskampf.com/wp-content/plugins/woocommerce/assets/css/woocommerce-layoutea26.css]
[khaoskampf.com/wp-content/plugins/woocommerce/assets/css/woocommerce-smallscreenea26.css]
[khaoskampf.com/wp-content/plugins/woocommerce/assets/fonts/WooCommerce.woff2]
[khaoskampf.com/wp-content/plugins/woocommerce/assets/fonts/WooCommerce.woff]
[khaoskampf.com/wp-content/plugins/woocommerce/assets/fonts/WooCommerce.ttf]
[khaoskampf.com/wp-content/plugins/woocommerce/assets/images/icons/loader.svg]
[khaoskampf.com/wp-content/plugins/woocommerce/assets/css/woocommerceea26.css]
[khaoskampf.com/wp-content/plugins/woocommerce/assets/css/woocommerce-blockthemeea26.css]
[khaoskampf.com/wp-content/themes/extendable/style488e.css]
[khaoskampf.com/wp-json/wp/v2/pages/19.json]
[khaoskampf.com/wp-json/oembed/1.0/embedff1f.json]
[khaoskampf.com/wp-json/oembed/1.0/embed31be]
[khaoskampf.com/wp-content/uploads/2024/11/2199867f81319d114c63057a35418f9156cef0ba.jpg]
[khaoskampf.com/wp-content/uploads/2024/11/e0ec326cca91472c3ae631623158c76c30ee3435.jpg]
[khaoskampf.com/portfolio/index.html]
[khaoskampf.com/contact.html]
[khaoskampf.com/wp-content/plugins/woocommerce/assets/client/blocks/wc-blocksf3a9.css]
[khaoskampf.com/indexd8eb.html]
[khaoskampf.com/wp-json/wp/v2/posts/1.json]
[khaoskampf.com/hello-world/feed/index.html]
[khaoskampf.com/wp-json/oembed/1.0/embed1d5a.json]
[khaoskampf.com/wp-json/oembed/1.0/embed9360]
[khaoskampf.com/hello-world/index.html]
[khaoskampf.com/wp-includes/js/comment-reply.min9704.js]
[khaoskampf.com/wp-json/wp/v2/categories/1.json]
[khaoskampf.com/category/uncategorized/index.html]
[khaoskampf.com/wp-content/themes/extendable/assets/css/contact-form-78a54.css]
[khaoskampf.com/index0735.html]
[khaoskampf.com/index341b.html]
[khaoskampf.com/services.html]
[khaoskampf.com/index3965.html]
[khaoskampf.com/wp-content/plugins/woocommerce/assets/client/blocks/breadcrumbsf3a9.css]
[khaoskampf.com/wp-content/plugins/woocommerce/assets/client/blocks/product-results-countf3a9.css]
[khaoskampf.com/wp-content/plugins/woocommerce/assets/client/blocks/catalog-sortingf3a9.css]
[khaoskampf.com/wp-content/plugins/woocommerce/assets/client/blocks/product-templatef3a9.css]
[khaoskampf.com/wp-content/plugins/woocommerce/assets/client/blocks/product-collectionf3a9.css]
[khaoskampf.com/wp-content/plugins/woocommerce/assets/images/icons/loader.svg]
[khaoskampf.com/index5831.html]
[khaoskampf.com/indexcff1.html]
[khaoskampf.com/category/uncategorized/feed/index.html]
